[2026-06-02 15:52:11] [INFO] Order created {"donation_id":19,"order_id":"order_SwjCTsG2Mt4Pq4","amount":1000}
[2026-06-02 15:52:48] [INFO] Order created {"donation_id":20,"order_id":"order_SwjD99jfarhunJ","amount":1}
[2026-06-02 15:54:09] [INFO] Order created {"donation_id":21,"order_id":"order_SwjEYqvR0ip6rd","amount":1}
[2026-06-02 15:57:17] [INFO] Order created {"donation_id":22,"order_id":"order_SwjHsLaVxwFBhM","amount":1}
[2026-06-02 15:57:43] [INFO] Receipt generated {"path":"\/home\/skorasoft\/vwf.org.in\/donation\/includes\/..\/receipts\/receipt_REC-AVXWFBHM-2026_1780396063.html"}
[2026-06-02 15:57:43] [INFO] Payment verified {"donation_id":22,"payment_id":"pay_SwjHvLBh28Pbd2","amount":"1.00"}
[2026-06-02 16:15:40] [INFO] Order created {"donation_id":23,"order_id":"order_SwjbIbLgbpX4LB","amount":1}
[2026-06-02 16:16:06] [INFO] Receipt generated {"path":"\/home\/skorasoft\/vwf.org.in\/donation\/includes\/..\/receipts\/receipt_REC-LGBPX4LB-2026_1780397166.html"}
[2026-06-02 16:16:06] [INFO] Payment verified {"donation_id":23,"payment_id":"pay_SwjbMjtZ8tH9XA","amount":"1.00"}
[2026-06-02 16:16:36] [INFO] Order created {"donation_id":24,"order_id":"order_SwjcHI8lasYtRm","amount":1}
[2026-06-02 16:20:28] [INFO] Order created {"donation_id":25,"order_id":"order_SwjgMOg9sgUXQj","amount":1}
[2026-06-02 16:21:56] [INFO] Order created {"donation_id":26,"order_id":"order_SwjhufzW55WQyF","amount":1}
[2026-06-02 16:22:20] [INFO] Receipt generated {"path":"\/home\/skorasoft\/vwf.org.in\/donation\/includes\/..\/receipts\/receipt_REC-ZW55WQYF-2026_1780397540.html"}
[2026-06-02 16:22:20] [INFO] Payment verified {"donation_id":26,"payment_id":"pay_SwjhyqGK2CxHtC","amount":"1.00"}
[2026-06-02 16:34:03] [INFO] Order created {"donation_id":27,"order_id":"order_SwjuiS3HW35nTW","amount":100}
[2026-06-02 16:35:03] [INFO] Receipt generated {"path":"\/home\/skorasoft\/vwf.org.in\/donation\/includes\/..\/receipts\/receipt_REC-3HW35NTW-2026_1780398303.html"}
[2026-06-02 16:35:04] [INFO] Payment verified {"donation_id":27,"payment_id":"pay_SwjuoI9eSCxtmV","amount":"100.00"}
[2026-06-02 16:54:31] [INFO] Order created {"donation_id":28,"order_id":"order_SwkGKEq37cHXg9","amount":1000}
[2026-06-02 16:55:21] [INFO] Order created {"donation_id":29,"order_id":"order_SwkHDBLlCZ51HT","amount":1}
[2026-06-02 16:55:45] [INFO] Receipt generated {"path":"\/home\/skorasoft\/vwf.org.in\/donation\/includes\/..\/receipts\/receipt_REC-LLCZ51HT-2026_1780399545.html"}
[2026-06-02 16:55:45] [INFO] Payment verified {"donation_id":29,"payment_id":"pay_SwkHG7a5Kk1tBc","amount":"1.00"}
